  AnimationHandler.cpp
  city.cpp
C:\Users\katie\source\repos\City Building\tile.h(60,60): warning C4244: 'argument': conversion from 'unsigned int' to 'T', possible loss of data
          with
          [
              T=float
          ]
C:\Users\katie\source\repos\City Building\city.cpp(23,20): warning C4244: 'initializing': conversion from 'double' to 'int', possible loss of data
C:\Users\katie\source\repos\City Building\city.cpp(25,41): warning C4244: '=': conversion from 'double' to 'int', possible loss of data
C:\Users\katie\source\repos\City Building\city.cpp(48,27): warning C4018: '<': signed/unsigned mismatch
C:\Users\katie\source\repos\City Building\city.cpp(273,69): warning C4244: '=': conversion from 'double' to 'float', possible loss of data
C:\Users\katie\source\repos\City Building\city.cpp(284,22): warning C4244: 'initializing': conversion from 'double' to 'float', possible loss of data
  Game.cpp
C:\Users\katie\source\repos\City Building\tile.h(60,60): warning C4244: 'argument': conversion from 'unsigned int' to 'T', possible loss of data
          with
          [
              T=float
          ]
C:\Users\katie\source\repos\City Building\gui.h(102,67): warning C4244: 'argument': conversion from 'T' to 'unsigned int', possible loss of data
          with
          [
              T=float
          ]
  GameStateEditor.cpp
C:\Users\katie\source\repos\City Building\tile.h(60,60): warning C4244: 'argument': conversion from 'unsigned int' to 'T', possible loss of data
          with
          [
              T=float
          ]
C:\Users\katie\source\repos\City Building\gui.h(102,67): warning C4244: 'argument': conversion from 'T' to 'unsigned int', possible loss of data
          with
          [
              T=float
          ]
C:\Users\katie\source\repos\City Building\GameStateEditor.cpp(60,125): warning C4244: '=': conversion from 'double' to 'T', possible loss of data
          with
          [
              T=int
          ]
C:\Users\katie\source\repos\City Building\GameStateEditor.cpp(61,125): warning C4244: '=': conversion from 'double' to 'T', possible loss of data
          with
          [
              T=int
          ]
C:\Users\katie\source\repos\City Building\GameStateEditor.cpp(122,137): warning C4244: '=': conversion from 'double' to 'T', possible loss of data
          with
          [
              T=int
          ]
C:\Users\katie\source\repos\City Building\GameStateEditor.cpp(123,137): warning C4244: '=': conversion from 'double' to 'T', possible loss of data
          with
          [
              T=int
          ]
C:\Users\katie\source\repos\City Building\GameStateEditor.cpp(209,49): warning C4244: 'argument': conversion from 'unsigned int' to 'float', possible loss of data
C:\Users\katie\source\repos\City Building\GameStateEditor.cpp(209,31): warning C4244: 'argument': conversion from 'unsigned int' to 'float', possible loss of data
C:\Users\katie\source\repos\City Building\GameStateEditor.cpp(211,48): warning C4244: 'argument': conversion from 'unsigned int' to 'float', possible loss of data
C:\Users\katie\source\repos\City Building\GameStateEditor.cpp(211,30): warning C4244: 'argument': conversion from 'unsigned int' to 'float', possible loss of data
C:\Users\katie\source\repos\City Building\GameStateEditor.cpp(212,78): warning C4244: 'argument': conversion from 'unsigned __int64' to 'T', possible loss of data
          with
          [
              T=float
          ]
C:\Users\katie\source\repos\City Building\GameStateEditor.cpp(255,85): warning C4244: 'argument': conversion from 'T' to 'T', possible loss of data
          with
          [
              T=unsigned int
          ]
          and
          [
              T=float
          ]
C:\Users\katie\source\repos\City Building\GameStateEditor.cpp(261,91): warning C4244: 'argument': conversion from 'T' to 'T', possible loss of data
          with
          [
              T=unsigned int
          ]
          and
          [
              T=float
          ]
C:\Users\katie\source\repos\City Building\GameStateEditor.cpp(267,66): warning C4244: 'argument': conversion from 'double' to 'T', possible loss of data
          with
          [
              T=float
          ]
C:\Users\katie\source\repos\City Building\GameStateEditor.cpp(267,36): warning C4244: 'argument': conversion from 'unsigned int' to 'T', possible loss of data
          with
          [
              T=float
          ]
  GameStateStart.cpp
C:\Users\katie\source\repos\City Building\tile.h(60,60): warning C4244: 'argument': conversion from 'unsigned int' to 'T', possible loss of data
          with
          [
              T=float
          ]
C:\Users\katie\source\repos\City Building\gui.h(102,67): warning C4244: 'argument': conversion from 'T' to 'unsigned int', possible loss of data
          with
          [
              T=float
          ]
C:\Users\katie\source\repos\City Building\GameStateStart.cpp(41,60): warning C4244: 'argument': conversion from 'unsigned int' to 'float', possible loss of data
C:\Users\katie\source\repos\City Building\GameStateStart.cpp(41,42): warning C4244: 'argument': conversion from 'unsigned int' to 'float', possible loss of data
C:\Users\katie\source\repos\City Building\GameStateStart.cpp(43,73): warning C4244: 'argument': conversion from 'unsigned int' to 'T', possible loss of data
          with
          [
              T=float
          ]
C:\Users\katie\source\repos\City Building\GameStateStart.cpp(43,55): warning C4244: 'argument': conversion from 'unsigned int' to 'T', possible loss of data
          with
          [
              T=float
          ]
  gui.cpp
C:\Users\katie\source\repos\City Building\gui.h(102,67): warning C4244: 'argument': conversion from 'T' to 'unsigned int', possible loss of data
          with
          [
              T=float
          ]
C:\Users\katie\source\repos\City Building\gui.cpp(48,69): warning C4244: 'argument': conversion from 'T' to 'unsigned int', possible loss of data
          with
          [
              T=float
          ]
  Main.cpp
C:\Users\katie\source\repos\City Building\tile.h(60,60): warning C4244: 'argument': conversion from 'unsigned int' to 'T', possible loss of data
          with
          [
              T=float
          ]
C:\Users\katie\source\repos\City Building\gui.h(102,67): warning C4244: 'argument': conversion from 'T' to 'unsigned int', possible loss of data
          with
          [
              T=float
          ]
  map.cpp
C:\Users\katie\source\repos\City Building\tile.h(60,60): warning C4244: 'argument': conversion from 'unsigned int' to 'T', possible loss of data
          with
          [
              T=float
          ]
C:\Users\katie\source\repos\City Building\map.cpp(21,27): warning C4018: '<': signed/unsigned mismatch
C:\Users\katie\source\repos\City Building\map.cpp(87,23): warning C4018: '<': signed/unsigned mismatch
C:\Users\katie\source\repos\City Building\map.cpp(89,27): warning C4018: '<': signed/unsigned mismatch
C:\Users\katie\source\repos\City Building\map.cpp(93,46): warning C4244: '=': conversion from 'unsigned int' to 'T', possible loss of data
          with
          [
              T=float
          ]
C:\Users\katie\source\repos\City Building\map.cpp(94,46): warning C4244: '=': conversion from 'double' to 'T', possible loss of data
          with
          [
              T=float
          ]
C:\Users\katie\source\repos\City Building\map.cpp(112,23): warning C4018: '<': signed/unsigned mismatch
C:\Users\katie\source\repos\City Building\map.cpp(114,27): warning C4018: '<': signed/unsigned mismatch
C:\Users\katie\source\repos\City Building\map.cpp(127,19): warning C4018: '<': signed/unsigned mismatch
C:\Users\katie\source\repos\City Building\map.cpp(131,19): warning C4018: '<': signed/unsigned mismatch
C:\Users\katie\source\repos\City Building\map.cpp(133,28): warning C4018: '<': signed/unsigned mismatch
C:\Users\katie\source\repos\City Building\map.cpp(135,19): warning C4018: '<': signed/unsigned mismatch
C:\Users\katie\source\repos\City Building\map.cpp(137,19): warning C4018: '<': signed/unsigned mismatch
C:\Users\katie\source\repos\City Building\map.cpp(137,42): warning C4018: '<': signed/unsigned mismatch
C:\Users\katie\source\repos\City Building\map.cpp(180,28): warning C4018: '>=': signed/unsigned mismatch
C:\Users\katie\source\repos\City Building\map.cpp(181,28): warning C4018: '>=': signed/unsigned mismatch
C:\Users\katie\source\repos\City Building\map.cpp(210,23): warning C4018: '<': signed/unsigned mismatch
C:\Users\katie\source\repos\City Building\map.cpp(212,27): warning C4018: '<': signed/unsigned mismatch
C:\Users\katie\source\repos\City Building\map.cpp(248,15): warning C4018: '>=': signed/unsigned mismatch
C:\Users\katie\source\repos\City Building\map.cpp(250,15): warning C4018: '>=': signed/unsigned mismatch
C:\Users\katie\source\repos\City Building\map.cpp(252,17): warning C4018: '>=': signed/unsigned mismatch
C:\Users\katie\source\repos\City Building\map.cpp(254,17): warning C4018: '>=': signed/unsigned mismatch
  TextureManager.cpp
  tile.cpp
C:\Users\katie\source\repos\City Building\tile.h(60,60): warning C4244: 'argument': conversion from 'unsigned int' to 'T', possible loss of data
          with
          [
              T=float
          ]
C:\Users\katie\source\repos\City Building\tile.cpp(32,27): warning C4018: '<': signed/unsigned mismatch
  Generating code
  Previous IPDB not found, fall back to full compilation.
  All 1255 functions were compiled because no usable IPDB/IOBJ from previous compilation was found.
  Finished generating code
  City Building.vcxproj -> C:\Users\katie\source\repos\City Building\x64\Release\City Building.exe
