c:\users\katie\source\repos\city building\x64\debug\vc142.pdb
c:\users\katie\source\repos\city building\x64\debug\vc142.idb
c:\users\katie\source\repos\city building\x64\debug\texturemanager.obj
c:\users\katie\source\repos\city building\x64\debug\gamestatestart.obj
c:\users\katie\source\repos\city building\x64\debug\gamestateeditor.obj
c:\users\katie\source\repos\city building\x64\debug\gamestate.obj
c:\users\katie\source\repos\city building\x64\debug\game.obj
c:\users\katie\source\repos\city building\x64\debug\animationhandle.obj
c:\users\katie\source\repos\city building\x64\debug\main.obj
c:\users\katie\source\repos\city building\x64\debug\animationhandler.obj
c:\users\katie\source\repos\city building\x64\debug\tile.obj
c:\users\katie\source\repos\city building\x64\debug\map.obj
c:\users\katie\source\repos\city building\x64\debug\texture_manager.obj
c:\users\katie\source\repos\city building\x64\debug\game_state_start.obj
c:\users\katie\source\repos\city building\x64\debug\game_state_editor.obj
c:\users\katie\source\repos\city building\x64\debug\animation_handler.obj
c:\users\katie\source\repos\city building\x64\debug\city.obj
c:\users\katie\source\repos\city building\x64\debug\city building.ilk
c:\users\katie\source\repos\city building\x64\debug\city building.exe
c:\users\katie\source\repos\city building\x64\debug\city building.pdb
c:\users\katie\source\repos\city building\x64\debug\city building.res
c:\users\katie\source\repos\city building\x64\debug\city building.tlog\cl.command.1.tlog
c:\users\katie\source\repos\city building\x64\debug\city building.tlog\cl.read.1.tlog
c:\users\katie\source\repos\city building\x64\debug\city building.tlog\cl.write.1.tlog
c:\users\katie\source\repos\city building\x64\debug\city building.tlog\link.command.1.tlog
c:\users\katie\source\repos\city building\x64\debug\city building.tlog\link.read.1.tlog
c:\users\katie\source\repos\city building\x64\debug\city building.tlog\link.write.1.tlog
c:\users\katie\source\repos\city building\x64\debug\city building.tlog\rc.command.1.tlog
c:\users\katie\source\repos\city building\x64\debug\city building.tlog\rc.read.1.tlog
c:\users\katie\source\repos\city building\x64\debug\city building.tlog\rc.write.1.tlog
